Script started on Wed 16 Mar 2016 01:47:23 PM PDT
[?1034hbash-4.1$ man script[K[K[K[K[K[K[K[K[K[Kpwd
/gaia/class/student/simonc/csc60/ruthan/lab2
bash-4.1$ mkdir csc60
bash-4.1$ cd csc60
bash-4.1$ cd ..
bash-4.1$ ls > file1
bash-4.1$ cat file1
Christopher_Simon.lab1.txt
csc60
file1
bash-4.1$ less file1
[?1049h[?1h=Christopher_Simon.lab1.txt
csc60
file1
[7mfile1 (END) [27m[K[K[?1l>[?1049lbash-4.1$ file *
Christopher_Simon.lab1.txt: empty
csc60:                      setgid directory
file1:                      ASCII text
bash-4.1$ wc file1
 3  3 39 file1
bash-4.1$ wc *
      0       0       0 Christopher_Simon.lab1.txt
wc: csc60: Is a directory
      0       0       0 csc60
      3       3      39 file1
      3       3      39 total
bash-4.1$ grep x1 file1
bash-4.1$ grea[Kp ASCII file1
bash-4.1$ grep ASCII file1[1P file1[1P file1[1P file1[1P file1[1P file1c file1s file1c file16 file10 file1
csc60
bash-4.1$ cp file1 file2
bash-4.1$ cp ../file1
cp: missing destination file operand after `../file1'
Try `cp --help' for more information.
bash-4.1$ cp ../file1 .
cp: cannot stat `../file1': No such file or directory
bash-4.1$ ls
Christopher_Simon.lab1.txt  csc60  file1  file2
bash-4.1$ cp file1 ../[K[K[Kcsc60
bash-4.1$ mv file1 file2
bash-4.1$ ls
Christopher_Simon.lab1.txt  csc60  file2
bash-4.1$ mv ../file1
mv: missing destination file operand after `../file1'
Try `mv --help' for more information.
bash-4.1$ mv csc60/file1
mv: missing destination file operand after `csc60/file1'
Try `mv --help' for more information.
bash-4.1$ mv csc60/file1 .
bash-4.1$ ls
Christopher_Simon.lab1.txt  csc60  file1  file2
bash-4.1$ cmp file1 file2
bash-4.1$ diff file1 file2
bash-4.1$ rm file1
bash-4.1$ ls
Christopher_Simon.lab1.txt  csc60  file2
bash-4.1$ rmdir test1
rmdir: failed to remove `test1': No such file or directory
bash-4.1$ rou[K[K[Kmkdir test1
bash-4.1$ rmdir test1
bash-4.1$ w
 13:51:16 up 10 days, 17:24,  4 users,  load average: 0.00, 0.00, 0.00
USER     TTY      FROM              LOGIN@   IDLE   JCPU   PCPU WHAT
simonc   pts/0    10.117.5.239     13:29    0.00s  0.04s  0.01s script
root     tty1     :0               05Mar16 10days 15.13s 15.13s /usr/bin/Xorg :0
simonc   pts/1    -                13:31    0.00s  0.06s  0.00s script Christophe
simonc   pts/2    -                13:47    0.00s  0.02s  0.00s w
bash-4.1$ who
simonc   pts/0        2016-03-16 13:29 (10.117.5.239)
root     tty1         2016-03-05 21:16 (:0)
simonc   pts/1        2016-03-16 13:31
simonc   pts/2        2016-03-16 13:47
bash-4.1$ ps -u
Warning: bad syntax, perhaps a bogus '-'? See /usr/share/doc/procps-3.2.8/FAQ
USER       PID %CPU %MEM    VSZ   RSS TTY      STAT START   TIME COMMAND
simonc   22252  0.0  0.1 112708  2032 pts/0    Ss   13:29   0:00 -bash
simonc   22339  0.0  0.0 107120   820 pts/0    S+   13:31   0:00 script
simonc   22341  0.0  0.0 107632   412 pts/0    S+   13:31   0:00 script
simonc   22342  0.0  0.0 112692  1912 pts/1    Ss   13:31   0:00 bash -i
simonc   22602  0.0  0.0 107120   816 pts/1    S+   13:47   0:00 script Christophe
simonc   22604  0.0  0.0 107632   404 pts/1    S+   13:47   0:00 script Christophe
simonc   22605  0.0  0.0 112700  1892 pts/2    Ss   13:47   0:00 bash -i
simonc   22701  0.0  0.0 114476  1276 pts/2    R+   13:51   0:00 ps -u
bash-4.1$ ps -l
F S   UID   PID  PPID  C PRI  NI ADDR SZ WCHAN  TTY          TIME CMD
0 S  5849 22605 22604  0  80   0 - 28175 wait   pts/2    00:00:00 bash
0 R  5849 22702 22605  0  80   0 - 27034 -      pts/2    00:00:00 ps
bash-4.1$ !!
ps -l
F S   UID   PID  PPID  C PRI  NI ADDR SZ WCHAN  TTY          TIME CMD
0 S  5849 22605 22604  0  80   0 - 28175 wait   pts/2    00:00:00 bash
0 R  5849 22706 22605  0  80   0 - 27034 -      pts/2    00:00:00 ps
bash-4.1$ history
   33  gcc -O3 -S -c power.c
   34  ls
   35  gcc -O3 -S -c power.c
   36  ls
   37  vi power.s
   38  ls
   39  vi power.c
   40  ls
   41  vi power.c
   42  less random.c 
   43  ls
   44  clear
   45  ls
   46  cat power.s
   47  vi power.c
   48  gcc -O3 -S -c power.c
   49  cat power.s
   50  ls
   51  cat power.s
   52  ls
   53  clear
   54  ls
   55  cd csc35/lab4/guess
   56  ls
   57  vi lab4
   58  vi lab4.s'
   59  vi lab4.s
   60  cd csc35
   61  ;s
   62  ls
   63  cd lab4/guess/
   64  ;s
   65  ls
   66  cd csc35
   67  ls
   68  cd lab4
   69  ls
   70  cd guess
   71  ls
   72  gcc -O3 -S -c power.c
   73  ls
   74  vi power.s
   75  ls
   76  rm power.c power.s power
   77  ls
   78  makeasm
   79  ls
   80  make
   81  ./lab4 
   82  ls
   83  make
   84  ./lab4 
   85  ls
   86  make
   87  ./lab4 
   88  ls
   89  cd csc35/lab4/guess/
   90  ls
   91  make
   92  ./lab4 
   93  make
   94  ./lab4 
   95  make
   96  ./lab4 
   97  make
   98  ./lab4 
   99  make
  100  ./lab4 
  101  make
  102  ./lab4 
  103  make
  104  ./lab4 
  105  make
  106  ./lab4 
  107  make
  108  ./lab4 
  109  make
  110  ./lab4 
  111  make
  112  ./lab4 
  113  make
  114  ./lab4 
  115  make
  116  ./lab4 
  117  make
  118  ./lab4 
  119  make
  120  ./lab4 
  121  make
  122  ./lab4 
  123  make
  124  ./lab4 
  125  make
  126  ./lab4 
  127  make
  128  ./lab4 
  129  make
  130  ./lab4 
  131  make
  132  ./lab4 
  133  ./lab4 
  134  make
  135  ./lab4 
  136  make
  137  ./lab4 
  138  make
  139  ./lab4 
  140  make
  141  ./lab4 
  142  make
  143  ./lab4 
  144  make
  145  ./lab4 
  146  ls
  147  lab4
  148  ./lab4
  149  make
  150  ./lab4
  151  ./lab4 
  152  clear
  153  ls
  154  touch ascii-text.asm
  155  cat ascii-int.asm 
  156  vi ascii-text.asm 
  157  make
  158  ./lab4 
  159  ls
  160  make
  161  gcc -O3 -s random.c 
  162  ls
  163  a.out
  164  ./a.out 
  165  a.out
  166  rm a.out 
  167  ls
  168  make
  169  ls
  170  gcc -Wall -S -O3 -m32 random.c -o random.s
  171  ls
  172  vi random.s
  173  ls
  174  ls -l
  175  cd ..
  176  zip Simon-Christopher-Lab4.zip guess/*
  177  ls
  178  unzip Simon-Christopher-Lab4.zip 
  179  ls
  180  mv guess guesss
  181  ls
  182  unzip Simon-Christopher-Lab4.zip 
  183  ls
  184  rmdir guess
  185  rm -r guess
  186  ls
  187  rn guesss guess
  188  mv guesss guess
  189  ls
  190  mv Simon-Christopher-Lab4.zip guess/
  191  cd guess/
  192  ls
  193  pine
  194  ls
  195  ./lab4 
  196  kls
  197  ls
  198  dir
  199  cd csc60
  200  ls
  201  dir
  202  cd ruthan/
  203  dir
  204  cd ..
  205  dir
  206  cd ruthan/
  207  dir
  208  cd cd lab1/
  209  dir
  210  cd lab1/
  211  dir
  212  ls
  213  gcc Lab1.cpp 
  214  vi Lab1.cpp 
  215  ls
  216  vi Lab1.cpp 
  217  ls
  218  rm dead.letter 
  219  ls
  220  cd csc60/
  221  ls
  222  cd ruthan/
  223  ls
  224  cd lab1/
  225  ls
  226  rn Lab1.cpp lab1.cpp
  227  mv Lab1.cpp lab1.cpp
  228  ls
  229  gcc lab1.cpp 
  230  ls
  231  rm Lab1.cpp 
  232  ls
  233  vi lab1.cpp 
  234  ls
  235  vi lab1.cpp 
  236  gcc lab1.cpp
  237  vi lab1.cpp 
  238  ls
  239  gcc lab1.cpp
  240  vi lab1.cpp 
  241  gcc lab1.cpp
  242  ls
  243  cd csc60
  244  cs ruthan/
  245  cd ruthan/
  246  ls
  247  cd lab1
  248  ls
  249  rm Lab1.cpp 
  250  ls
  251  gcc lab1.cpp 
  252  ls
  253  rm lab1.cpp 
  254  ls
  255  mv Lab1.cpp lab1.cpp
  256  ls
  257  gcc lab1.cpp 
  258  ll
  259  ls -l
  260  ls
  261  gcc lab1.cpp 
  262  lsw
  263  ls
  264  rm lab1.cpp 
  265  ls
  266  mv Lab1.cpp lab1.cpp
  267  ls
  268  gcc lab1.cpp 
  269  vi lab1.cpp 
  270  gcc rm .Lab1.cpp.swp 
  271  ls
  272  rm .Lab1.cpp.swp 
  273  ls
  274  gcc lab1.cpp 
  275  vi lab1.cpp 
  276  gcc lab1.cpp 
  277  vi lab1.cpp 
  278  gcc lab1.cpp 
  279  vi lab1.cpp 
  280  ls
  281  vi
  282  vi lab1.cpp 
  283  gcc lab1.cpp 
  284  vi lab1.cpp 
  285  gcc lab1.cpp 
  286  vi lab1.cpp 
  287  gcc lab1.cpp 
  288  vi lab1.cpp 
  289  g++ lab1.cpp
  290  ls
  291  a.out
  292  ./a.out
  293  ls
  294  cd csc60/ruthan/lab1/
  295  ls
  296  ./a.out
  297  g++ lab1.cpp
  298  ./a.out
  299  ls
  300  g++ lab1.cpp
  301  ./a.out
  302  g++ lab1.cpp
  303  ./a.out
  304  g++ lab1.cpp
  305  ./a.out
  306  ls
  307  a.out > lab1.out
  308  ./a.out > lab1.out
  309  ls
  310  lab1.out
  311  cat lab1.out
  312  ls
  313  rm lab1.out
  314  g++ lab1.cpp -o lab1.out
  315  ls
  316  rm a.out
  317  lab1.cpp
  318  vi lab1.cpp
  319  cp lab1.cpp lab1.c
  320  gcc lab1.c -o lab1.out
  321  ls
  322  lab1.out
  323  ./lab1.out
  324  ZZ
  325  gcc lab1.c -o lab1.out
  326  ls
  327  ./lab1.out
  328  gcc lab1.c -o lab1.out
  329  ./lab1.out
  330  ls
  331  g++ lab1.cpp -o lab1.out
  332  ./lab1.out 
  333  g++ lab1.cpp -o lab1.out
  334  ./lab1.out 
  335  g++ lab1.cpp -o lab1.out
  336  ./lab1.out 
  337  g++ lab1.cpp -o lab1.out
  338  ./lab1.out 
  339  g++ lab1.cpp -o lab1.out
  340  ./lab1.out 
  341  g++ lab1.cpp -o lab1.out
  342  ls
  343  g++ lab1.cpp -o lab1.out
  344  ls
  345  cp lab1.cpp lab1.c
  346  ls
  347  lab1.out
  348  ./labq.out
  349  ./lab1.out
  350  ls
  351  mv lab1.out lab1
  352  ls
  353  lab1 > lab1.out
  354  ./lab1 > lab1.out
  355  cat lab1.out
  356  cp lab1.cpp lab1.c
  357  ls
  358  exit
  359  ls
  360  ll
  361  ls
  362  cd csc60
  363  ls
  364  cd ruthan/
  365  ls
  366  cd lab1
  367  ls
  368  ./lab1
  369  ls
  370  vi lab1.cpp 
  371  clear
  372  ll
  373  ./lab1
  374  e
  375  ll
  376  clear
  377  cd ..
  378  ll
  379  ls
  380  lab111
  381  lab1
  382  clear
  383  cd .
  384  ls
  385  cd ..
  386  ls
  387  cd..
  388  cd .
  389  cd ..ls
  390  cd ..
  391  ls
  392  cd html/
  393  ls
  394  vi favicon.ico 
  395  ls
  396  vi hello.php 
  397  ls
  398  vi index.php 
  399  quit
  400  exit
  401  ls
  402  cd /usr/include/
  403  ls
  404  vi regex.h
  405  ls s* | cat
  406  ls std*
  407  ls std* | cat
  408  vi stdio.h
  409  ls
  410  ls | cat
  411  ls | less
  412  ls
  413  ls math* | more
  414  vi math.h
  415  :q
  416  ls
  417  cd ..
  418  ls
  419  cd ..
  420  ls
  421  cd ..
  422  ls
  423  exit
  424  ll
  425  ls
  426  cd csc60
  427  ls
  428  cd ruthan/
  429  ls
  430  mk dir lab2
  431  ls
  432  mkdir lab2
  433  ls
  434  cd lab2
  435  ls
  436  touch lab2.c
  437  ls
  438  vi lab2
  439  vi lab2.c
  440  ls
  441  touch lab3sample.dat
  442  vi lab3sample.dat 
  443  rm lab3sample.dat 
  444  wget http://athena.ecs.csus.edu/~bielr/csc60/files/lab3sample.dat
  445  ls
  446  vi lab3sample.dat 
  447  cd ..
  448  ls
  449  mv lab2 lab3
  450  ls
  451  cd lab3
  452  ls
  453  vi lab3.c
  454  ls
  455  dir
  456  l
  457  sls
  458  ls
  459  dir
  460  quit
  461  exit
  462  ls
  463  cd csc60
  464  ls
  465  cd ruthan/
  466  ls
  467  cd lab3
  468  ls
  469  vi lab3.c
  470  ls
  471  vi lab3sample.dat 
  472  cd ..
  473  ls
  474  cd lab3
  475  ls
  476  cd ..
  477  ls
  478  mkdir lab4
  479  ls
  480  cd lab4
  481  ls
  482  cd lab 3
  483  ls
  484  cd ..
  485  cd lab3
  486  ls
  487  cd ..
  488  ls
  489  cd ..
  490  ls
  491  cd ruthan
  492  ls
  493  cd lab4
  494  ls
  495  cd /gaia/home/faculty/bielr/
  496  ls
  497  cd ~/lab4
  498  cd ~
  499  ls
  500  cd csc60ls
  501  ls
  502  cd csc60
  503  ls
  504  cd ruthan/
  505  ls
  506  cd lab4
  507  ls
  508  cp -R /gaia/home/faculty/bielr/csc60/classfiles/lab4.c .
  509  cp -R /gaia/home/faculty/bielr/csc60/classfiles/lab4.c
  510  cp -R /gaia/home/faculty/bielr/csc60/classfiles/lab4.c .
  511  ls
  512  vi lab4.c 
  513  gcc lab4.c -o lab4
  514  ls
  515  gcc lab4.c -o lab4
  516  ls
  517  gcc lab4.c -o lab4
  518  l
  519  ls
  520  cd csc60/
  521  ls
  522  cd ruthan
  523  ls
  524  cd lab4
  525  ls
  526  gcc lab4.c -o lab4
  527  vi lab4.c
  528  gcc lab4.c -o lab4
  529  ls
  530  lab4
  531  ./lab4
  532  gcc lab4.c -o lab4
  533  ./lab4
  534  ls
  535  cd ..
  536  ls
  537  cd lab3
  538  ls
  539  cd ..
  540  ls
  541  cd lab1
  542  ls
  543  vi lab1.cpp
  544  vi lab1.c
  545  vi lab1.cpp
  546  lab1
  547  ./lab1
  548  cat lab1.out
  549  lab1
  550  ./lab1
  551  ls
  552  cd csc60
  553  ls
  554  cd ruthan
  555  ls
  556  cd midterm
  557  ls
  558  vi midterm.c 
  559  ls
  560  ll
  561  ls
  562  cd ..
  563  ls
  564  chsh
  565  ypchsh
  566  ls
  567  cd csc60
  568  cd ruthan/
  569  ls
  570  cd lab4
  571  ls
  572  ./lab4 
  573  cd ..
  574  ls
  575  cd lab3
  576  ls
  577  vi lab3.c
  578  cd ..
  579  ls
  580  cd lab3
  581  ls
  582  vi lab3sample.dat 
  583  ls
  584  vi lab3sample.dat 
  585  ls
  586  vi struct.c 
  587  ls
  588  cd ..
  589  ls
  590  mkdir lab5
  591  ls
  592  cd csc60/ruthan/
  593  ls
  594  cd lab4
  595  ls
  596  cd ..
  597  ls
  598  cd lab3
  599  ls
  600  gcc lab3.c -o lab3
  601  ls
  602  ./lab3
  603  ls
  604  gcc lab3.c -o lab3
  605  ./lab3 
  606  ls
  607  gcc lab3.c
  608  clear
  609  gcc lab3.c
  610  ls
  611  mv a.out lab3
  612  ls
  613  ./lab3
  614  gcc lab3.c -o lab3
  615  ./lab3
  616  gcc lab3.c -o lab3
  617  ls
  618  ./lab3
  619  celar
  620  ls
  621  ./lab3
  622  gcc lab3.c -o lab3
  623  ./lab3
  624  gcc lab3.c -o lab3
  625  ls
  626  ./lab3 
  627  gcc lab3.c -o lab3
  628  ./lab3 
  629  gcc lab3.c -o lab3
  630  ./lab3 
  631  gcc lab3.c -o lab3
  632  ./lab3 
  633  gcc lab3.c -o lab3
  634  ./lab3 
  635  gcc lab3.c -o lab3
  636  ./lab3 
  637  gcc lab3.c -o lab3
  638  ./lab3 
  639  gcc lab3.c -o lab3
  640  ./lab3 
  641  gcc lab3.c -o lab3
  642  ./lab3 
  643  gcc lab3.c -o lab3
  644  ./lab3 
  645  ls
  646  cd csc60/ruthan/lab3
  647  ls
  648  ./lab3
  649  gcc lab3.c -o lab3
  650  ls
  651  ./lab3
  652  gcc lab3.c -o lab3
  653  ./lab3
  654  gcc lab3.c -o lab3
  655  ./lab3
  656  gcc lab3.c -o lab3
  657  ./lab3
  658  gcc lab3.c -o lab3
  659  ./lab3
  660  gcc lab3.c -o lab3
  661  ./lab3
  662  gcc lab3.c -o lab3
  663  ./lab3
  664  gcc lab3.c -o lab3
  665  ./lab3
  666  gcc lab3.c -o lab3
  667  ./lab3
  668  gcc lab3.c -o lab3
  669  ./lab3
  670  gcc lab3.c -o lab3
  671  ./lab3
  672  gcc lab3.c -o lab3
  673  ./lab3
  674  gcc lab3.c -o lab3
  675  ./lab3
  676  gcc lab3.c -o lab3
  677  ./lab3
  678  gcc lab3.c -o lab3
  679  ./lab3
  680  ./lab3 sample
  681  ls
  682  cd csc60/ruthan/lab3
  683  ls
  684  lab3 > lab3.out
  685  ./lab3 > lab3.out
  686  ls
  687  cat lab3.out
  688  ls
  689  cd csc60
  690  ls
  691  cd ruthan/
  692  ;s
  693  ls
  694  cd lab4
  695  ls
  696  ./lab4
  697  ls
  698  cd ..
  699  ls
  700  cdlab5
  701  cd lab5
  702  ls
  703  ls /gaia/home/faculty/bielr/classfile/csc60/
  704  ls /gaia/home/faculty/bielr/classfile_csc60/
  705  ls /gaia/home/faculty/bielr/classfile_csc60/ ./
  706  ls /gaia/home/faculty/bielr/classfile_csc60/
  707  ls /gaia/home/faculty/bielr/classfiles_csc60/
  708  less /gaia/home/faculty/bielr/classfiles_csc60/lab4.c
  709  less /gaia/home/faculty/bielr/classfiles_csc60/lab5.c
  710  more /gaia/home/faculty/bielr/classfiles_csc60/lab5.c
  711  cp /gaia/home/faculty/bielr/classfiles_csc60/lab5.c .
  712  ls
  713  vi lab5.c
  714  gcc lab5.c -o lab5
  715  ls
  716  cd html
  717  ls
  718  vi index.php
  719  ls
  720  cd ..
  721  ls
  722  cd csc60/ruthan/lab5
  723  ls
  724  less
  725  more --help
  726  less --help
  727  ls
  728  quit
  729  exit
  730  ls
  731  cd csc60
  732  ls
  733  cd ruthan
  734  ls
  735  cd csc60
  736  ls
  737  cd ruthan/
  738  ls
  739  cd lab4
  740  ls
  741  cd ..
  742  ls
  743  cd lab3
  744  ls
  745  ls
  746  cat lab3.out
  747  clear
  748  ls
  749  clear
  750  ls
  751  gcc lab3.c
  752  ls
  753  a.out\
  754  a.out
  755  ./a.out
  756  ls
  757  cat lab3.out
  758  ls
  759  rm a.out 
  760  ls
  761  gcc lab3.c -o lab3
  762  ls
  763  ./lab3
  764  cat lab3.out
  765  gcc lab3.c -o lab
  766  gcc lab3.c -o lab3
  767  ./lab3
  768  ls
  769  gcc lab3.c -o lab3
  770  rm lab
  771  ls
  772  ./lab3
  773  ls
  774  cd csc60
  775  ls
  776  cd ruthan/
  777  ls
  778  cd lab3
  779  ls
  780  vi lab3
  781  rn lab3sample.dat
  782  gcc lab3.c -o lab3
  783  ls
  784  ./lab3
  785  gcc lab3.c -o lab3
  786  ./lab3
  787  ls
  788  ./lab3
  789  ls
  790  cd csc60
  791  ls
  792  cd ruthan/
  793  ls
  794  cd lab3
  795  ls
  796  ./lab3
  797  rm lab3
  798  ls
  799  vi lab3.out
  800  gcc lab3.c -o lab3
  801  ls
  802  ./lab3
  803  cat lab3.out
  804  vi lab3.dat
  805  ls
  806  mv lab3sample.da lab3sample.dat
  807  ls
  808  gcc lab3.c -o lab3
  809  ls
  810  rm lab3.out
  811  ./lab3
  812  ls
  813  cat lab3.out
  814  ./lab3 test
  815  ls
  816  rm lab3.out
  817  ./lab3
  818  ls
  819  cat lab3.out
  820  gcc lab3.c -o lab3
  821  ./lab3
  822  gcc lab3.c -o lab3
  823  ./lab3
  824  ls
  825  cat lab3.out
  826  rm lab3.tou
  827  rm lab3.out
  828  ls
  829  ./lab3 test
  830  ls
  831  ./lab3 test okay
  832  ls
  833  ./lab3 lab3.dat okay
  834  ls
  835  cat test
  836  rm test
  837  ls
  838  ./lab3
  839  ls
  840  ./lab3 lab3.dat okay
  841  ls
  842  ./lab3
  843  ls
  844  cat lab3.out
  845  rm lab3.out
  846  ls
  847  ./lab3
  848  ls
  849  cat lab3.out
  850  clear
  851  ls
  852  ./lab3
  853  ls
  854  cat lab3.out
  855  ls
  856  gcc lab3 -o lab3.out
  857  gcc lab3.c -o lab3
  858  ls
  859  ./lab3
  860  gcc lab3.c -o lab3
  861  ./lab3
  862  ls
  863  cat lab.out
  864  cat lab3.out
  865  cat lab.out
  866  gcc lab3.c -o lab3
  867  ./lab3
  868  cat lab3.out
  869  rm lab3.out
  870  ls
  871  ./lab3
  872  ls
  873  cat lab3.out
  874  gcc lab3.c -o lab3
  875  ./lab3
  876  ls
  877  cat lab3.ot
  878  cat lab3.out
  879  rm lab3.out
  880  ls
  881  cat lab3.out
  882  ./lab3
  883  cat lab3.out
  884  ls
  885  mv lab3.dat lab3.d
  886  ls
  887  ./lab3
  888  cat lab3.out
  889  ls
  890  gcc lab3.c -o lab3
  891  ./lab3
  892  ls
  893  gcc lab3.c -o lab3
  894  ls
  895  cat lab3.dat
  896  vi lab3.out
  897  ./lab3
  898  mv lab3.d lab3.dat
  899  ls
  900  ./lab3
  901  ls
  902  less lab3.out
  903  mv lab3.dat lab3.d
  904  ls
  905  ./lab3
  906  ls
  907  ./lab3
  908  cat lab3.out
  909  ls
  910  vi lab3.out
  911  ./
  912  mv lab3.d lab3.dat
  913  ls
  914  cat lab3.out
  915  ls
  916  ./lab3
  917  ls
  918  cat lab3.out
  919  ls
  920  mv lab3.dat lab3.d
  921  ./lab3
  922  ls
  923  cat labe3.out
  924  cat lab3.out
  925  ls
  926  gcc lab3.c -o lab3
  927  ./lab3
  928  ls
  929  gcc lab3.c -o lab3
  930  ./lab3
  931  ls
  932  cat lab3.out
  933  mv lab3.d lab3.dat
  934  ls
  935  rm lab3.out
  936  ls
  937  ./lab3
  938  ls
  939  cat lab3.out
  940  mv lab3.dat lab3.d
  941  ls
  942  ./lab3
  943  ls
  944  cat lab3.out
  945  ls
  946  rm lab3.out
  947  ls
  948  mv lab3.d lab3.dat
  949  ls
  950  g!
  951  gcc lab3.c -o lab3
  952  ls
  953  ./lab3
  954  ls
  955  g!
  956  ls
  957  gcc lab3.c -o lab3
  958  ls
  959  gcc lab3.c -o lab3
  960  clear
  961  gcc lab3.c -o lab3
  962  clear
  963  gcc lab3.c -o lab3
  964  ls
  965  gcc lab3.c -o lab3
  966  ls
  967  ./lab3
  968  ls
  969  mv lab3.dat lab3.d
  970  ls
  971  ./lab3
  972  cat lab3.out
  973  ./lab3
  974  cat lab3.out
  975  mv lab3.d lab3.dat
  976  ls
  977  ./lab3
  978  ls
  979  ./lab3 happy goodbye
  980  ls
  981  ./lab3 lab3.out goodbye
  982  ls
  983  cat goodbye
  984  rm goodbye
  985  ls
  986  ./lab3 lab3.dat goodbye!
  987  ls
  988  cat goodbye\! 
  989  ls
  990  cat lab3.out
  991  ls
  992  rm goodbye\! 
  993  ls
  994  end script
  995  end
  996  exit
  997  pwd
  998  mkdir csc60
  999  cd csc60
 1000  cd ..
 1001  ls > file1
 1002  cat file1
 1003  less file1
 1004  file *
 1005  wc file1
 1006  wc *
 1007  grep x1 file1
 1008  grep ASCII file1
 1009  grep csc60 file1
 1010  cp file1 file2
 1011  cp ../file1
 1012  cp ../file1 .
 1013  ls
 1014  cp file1 csc60
 1015  mv file1 file2
 1016  ls
 1017  mv ../file1
 1018  mv csc60/file1
 1019  mv csc60/file1 .
 1020  ls
 1021  cmp file1 file2
 1022  diff file1 file2
 1023  rm file1
 1024  ls
 1025  rmdir test1
 1026  mkdir test1
 1027  rmdir test1
 1028  w
 1029  who
 1030  ps -u
 1031  ps -l
 1032  history
bash-4.1$ !3
bash: !3: event not found
bash-4.1$ !w
who
simonc   pts/0        2016-03-16 13:29 (10.117.5.239)
root     tty1         2016-03-05 21:16 (:0)
simonc   pts/1        2016-03-16 13:31
simonc   pts/2        2016-03-16 13:47
bash-4.1$ ls
Christopher_Simon.lab1.txt  csc60  file2
bash-4.1$ cd ..
bash-4.1$ ls
lab1  lab2  lab3  lab4	lab5  midterm
bash-4.1$ cd lB1
bash: cd: lB1: No such file or directory
bash-4.1$ cd lab1
bash-4.1$ ls
lab1  lab1.c  lab1.cpp	lab1.out
bash-4.1$ head lab1.c
//
// Christopher Simon
// csc60. Lab 1. The First Program
//

#define PI 3.14159
// Macro definition for Area of a cylinder
#define cylinder_area(r, h) ((2.0*PI*r*h) + (2.0*PI*(r*r)))

// Path to libraries on Linux are found in: /usr/include
bash-4.1$ heaed[K[K[Kad lab1.c [K-lab1.c2lab1.c0lab1.c lab1.c[C[C[C[C[C[C
//
// Christopher Simon
// csc60. Lab 1. The First Program
//

#define PI 3.14159
// Macro definition for Area of a cylinder
#define cylinder_area(r, h) ((2.0*PI*r*h) + (2.0*PI*(r*r)))

// Path to libraries on Linux are found in: /usr/include
#include <stdio.h>
#include <stdlib.h>

int main(void) {
	// Lab 1 with the quote of the day
	printf("Lab 1\n\n");
	printf("Hi, Christopher Simon\n\n");
	printf("We must embrace pain and burn it as fuel for our journey. ~Sanic The Hedgehog\n\n");
	
	// Math calculations with constant definition PI and scanf for input
bash-4.1$ taile[K -20 lab1.c
	// Math calculations with constant definition PI and scanf for input
	// Prompt for a radius and height
	printf("And now, for a math calculation!\n");
	printf("Enter a radius and a height to find the area of a cylinder.\n");
	double radius = 0.0, height = 0.0;
	//scanf("%lf,%lf", &radius, &height);
	printf("Radius: ");
	scanf("%lf", &radius);
	printf("Height: ");
	scanf("%lf", &height);
	
	// Display the inputted values
	printf("Radius: %.2lf\nHeight: %.2lf\n\n", radius, height);
	
	// Calculate the area of the cylinder and display it to the user
	printf("The area of the cylinder is: %.2lf\n", cylinder_area(radius, height));
	
	// The program has exited successfully
	return EXIT_SUCCESS; // 0
}bash-4.1$ ls -al | less
[?1049h[?1h=total 28
drwxr-sr-x 2 simonc stdcsc 4096 Mar  2 09:00 .
drwxr-sr-x 8 simonc stdcsc 4096 Mar 16 12:48 ..
-rwxr-xr-x 1 simonc stdcsc 5656 Feb  1 19:15 lab1
-rw-r--r-- 1 simonc stdcsc 1234 Feb  1 19:29 lab1.c
-rw-r--r-- 1 simonc stdcsc 1234 Feb  1 19:14 lab1.cpp
-rw-r--r-- 1 simonc stdcsc  281 Feb  1 19:28 lab1.out
[7m(END) [27m[K[K[K[7m(END) [27m[K[K[?1l>[?1049lbash-4.1$ exit
exit

Script done on Wed 16 Mar 2016 01:53:34 PM PDT
